Testing API: https://api.bseindia.com/BseIndiaAPI/api/AnnGetData/w?strCat=-1&strScrip=543526&strSearch=null&strToDate=null&strFromDate=20260101
node : (node:32120) Warning: Using insecure 
HTTP parsing
At line:1 char:1
+ node --insecure-http-parser 
src/test-bse-api.js > test_output.log 2>& ...
+ ~~~~~~~~~~~~~~~~~~~~~~~~~~~~~~~~~~~~~~~~~~~~
~~~~~~~~~~~~~~~~~~~~~~~~~
    + CategoryInfo          : NotSpecified: ( 
   (node:32120) Wa...re HTTP parsing:String)  
   [], RemoteException
    + FullyQualifiedErrorId : NativeCommandEr 
   ror
 
(Use `node --trace-warnings ...` to show 
where the warning was created)
Status: 200
SUCCESS: Found 0 announcements.
Error: Cannot read properties of undefined 
(reading 'NEWS_DT')
