[32m[Nest] 22840  - [39m23/02/2026, 9:18:33 am [32m    LOG[39m [38;5;3m[NestFactory] [39m[32mStarting Nest application...[39m
[32m[Nest] 22840  - [39m23/02/2026, 9:18:33 am [32m    LOG[39m [38;5;3m[InstanceLoader] [39m[32mPrismaModule dependencies initialized[39m[38;5;3m +83ms[39m
[32m[Nest] 22840  - [39m23/02/2026, 9:18:33 am [32m    LOG[39m [38;5;3m[InstanceLoader] [39m[32mPassportModule dependencies initialized[39m[38;5;3m +0ms[39m
[32m[Nest] 22840  - [39m23/02/2026, 9:18:33 am [32m    LOG[39m [38;5;3m[InstanceLoader] [39m[32mConfigHostModule dependencies initialized[39m[38;5;3m +15ms[39m
[32m[Nest] 22840  - [39m23/02/2026, 9:18:33 am [32m    LOG[39m [38;5;3m[InstanceLoader] [39m[32mJwtModule dependencies initialized[39m[38;5;3m +1ms[39m
[32m[Nest] 22840  - [39m23/02/2026, 9:18:33 am [32m    LOG[39m [38;5;3m[InstanceLoader] [39m[32mDiscoveryModule dependencies initialized[39m[38;5;3m +0ms[39m
[32m[Nest] 22840  - [39m23/02/2026, 9:18:33 am [32m    LOG[39m [38;5;3m[InstanceLoader] [39m[32mAppModule dependencies initialized[39m[38;5;3m +5ms[39m
[32m[Nest] 22840  - [39m23/02/2026, 9:18:33 am [32m    LOG[39m [38;5;3m[InstanceLoader] [39m[32mConfigModule dependencies initialized[39m[38;5;3m +1ms[39m
[32m[Nest] 22840  - [39m23/02/2026, 9:18:33 am [32m    LOG[39m [38;5;3m[InstanceLoader] [39m[32mConfigModule dependencies initialized[39m[38;5;3m +0ms[39m
[32m[Nest] 22840  - [39m23/02/2026, 9:18:33 am [32m    LOG[39m [38;5;3m[InstanceLoader] [39m[32mScheduleModule dependencies initialized[39m[38;5;3m +1ms[39m
[32m[Nest] 22840  - [39m23/02/2026, 9:18:33 am [32m    LOG[39m [38;5;3m[NewsBotService] [39m[32mNewsBotService Instance Created with Multi-Bot Support[39m
[32m[Nest] 22840  - [39m23/02/2026, 9:18:33 am [32m    LOG[39m [38;5;3m[SymbolResolverService] [39m[32mSymbolResolver initialized with 1892 unique local stocks.[39m
[32m[Nest] 22840  - [39m23/02/2026, 9:18:33 am [32m    LOG[39m [38;5;3m[InstanceLoader] [39m[32mInvestorsModule dependencies initialized[39m[38;5;3m +1ms[39m
[32m[Nest] 22840  - [39m23/02/2026, 9:18:33 am [32m    LOG[39m [38;5;3m[InstanceLoader] [39m[32mNewsBotModule dependencies initialized[39m[38;5;3m +2ms[39m
[32m[Nest] 22840  - [39m23/02/2026, 9:18:33 am [32m    LOG[39m [38;5;3m[InstanceLoader] [39m[32mCronModule dependencies initialized[39m[38;5;3m +1ms[39m
[32m[Nest] 22840  - [39m23/02/2026, 9:18:33 am [32m    LOG[39m [38;5;3m[InstanceLoader] [39m[32mNotificationsModule dependencies initialized[39m[38;5;3m +1ms[39m
[32m[Nest] 22840  - [39m23/02/2026, 9:18:33 am [32m    LOG[39m [38;5;3m[InstanceLoader] [39m[32mAdminModule dependencies initialized[39m[38;5;3m +1ms[39m
[32m[Nest] 22840  - [39m23/02/2026, 9:18:33 am [32m    LOG[39m [38;5;3m[InstanceLoader] [39m[32mPortfoliosModule dependencies initialized[39m[38;5;3m +2ms[39m
[32m[Nest] 22840  - [39m23/02/2026, 9:18:33 am [32m    LOG[39m [38;5;3m[InstanceLoader] [39m[32mUsersModule dependencies initialized[39m[38;5;3m +1ms[39m
[32m[Nest] 22840  - [39m23/02/2026, 9:18:33 am [32m    LOG[39m [38;5;3m[InstanceLoader] [39m[32mPostsModule dependencies initialized[39m[38;5;3m +3ms[39m
[32m[Nest] 22840  - [39m23/02/2026, 9:18:33 am [32m    LOG[39m [38;5;3m[InstanceLoader] [39m[32mStrategistModule dependencies initialized[39m[38;5;3m +0ms[39m
[32m[Nest] 22840  - [39m23/02/2026, 9:18:33 am [32m    LOG[39m [38;5;3m[InstanceLoader] [39m[32mStocksModule dependencies initialized[39m[38;5;3m +0ms[39m
[32m[Nest] 22840  - [39m23/02/2026, 9:18:33 am [32m    LOG[39m [38;5;3m[InstanceLoader] [39m[32mAuthModule dependencies initialized[39m[38;5;3m +0ms[39m
Database connected successfully
[32m[Nest] 22840  - [39m23/02/2026, 9:18:35 am [32m    LOG[39m [38;5;3m[StockOfTheWeekService] [39m[32mAI Ready: 0 keys active.[39m
[32m[Nest] 22840  - [39m23/02/2026, 9:18:35 am [32m    LOG[39m [38;5;3m[VerdictsService] [39m[32mMarking 48 stocks as Nifty 50...[39m
[32m[Nest] 22840  - [39m23/02/2026, 9:18:35 am [32m    LOG[39m [38;5;3m[AIConfigService] [39m[32mStrategist AI Pool Initialized with 1 keys.[39m
[32m[Nest] 22840  - [39m23/02/2026, 9:18:35 am [32m    LOG[39m [38;5;3m[AIConfigService] [39m[32mAI Config Initialized with 1 shared keys.[39m
[32m[Nest] 22840  - [39m23/02/2026, 9:18:35 am [32m    LOG[39m [38;5;3m[FyersService] [39m[32mLoaded active Fyers token from file.[39m
[32m[Nest] 22840  - [39m23/02/2026, 9:18:35 am [32m    LOG[39m [38;5;3m[FyersSocketService] [39m[32mInitializing Fyers Socket Service...[39m
[32m[Nest] 22840  - [39m23/02/2026, 9:18:36 am [32m    LOG[39m [38;5;3m[AIConfigService] [39m[32mStrategist AI Pool Initialized with 1 keys.[39m
[32m[Nest] 22840  - [39m23/02/2026, 9:18:36 am [32m    LOG[39m [38;5;3m[AIConfigService] [39m[32mAI Config Initialized with 1 shared keys.[39m
Database connected successfully
Testing Indices data...

--- Fetching live data for ^NSEI ---
[32m[Nest] 22840  - [39m23/02/2026, 9:18:39 am [32m    LOG[39m [38;5;3m[VerdictsService] [39m[32mNifty 50 stocks marked.[39m
Fetching live data for ^NSEI...
Fetching live data for ^NSEI...
[32m[Nest] 22840  - [39m23/02/2026, 9:18:41 am [32m    LOG[39m [38;5;3m[YahooFinanceService] [39m[32mYahoo Finance client initialized (Singleton)[39m
Please consider completing the survey at https://bit.ly/yahoo-finance-api-feedback if you haven't already; for more info see https://github.com/gadicc/yahoo-finance2/issues/764#issuecomment-2056623851.  This will only be shown once, but you can suppress this message in future with `new YahooFinance({ suppressNotices: ['yahooSurvey'] })`.
[32m[Nest] 22840  - [39m23/02/2026, 9:18:41 am [32m    LOG[39m [38;5;3m[FyersSocketService] [39m[32mFyers DataSocket Connected Γ£à[39m
Result: {
  "symbol": "^NSEI",
  "currentPrice": 25688.55,
  "changePercent": 0.45873304,
  "lastUpdated": "2026-02-23T03:48:42.617Z"
}

--- Fetching live data for ^BSESN ---
Fetching live data for ^BSESN...
Fetching live data for ^BSESN...
[32m[Nest] 22840  - [39m23/02/2026, 9:18:46 am [32m    LOG[39m [38;5;3m[StockOfTheWeekService] [39m[32mSyncing Max High for all active Stock of the Week picks...[39m
[32m[Nest] 22840  - [39m23/02/2026, 9:18:47 am [32m    LOG[39m [38;5;3m[StockOfTheWeekService] [39m[32mFound 5 picks to sync.[39m
Result: {
  "symbol": "^BSESN",
  "currentPrice": 82814.71,
  "changePercent": 0,
  "lastUpdated": "2026-02-23T03:48:46.862Z"
}

--- Fetching live data for NIFTY 50 ---
Result: {
  "symbol": "NIFTY 50",
  "currentPrice": 25701.85,
  "changePercent": 0.51073926,
  "lastUpdated": "2026-02-23T03:48:00.034Z"
}

--- Fetching live data for SENSEX ---
Result: {
  "symbol": "SENSEX",
  "currentPrice": 82814.71,
  "changePercent": 0,
  "lastUpdated": "2026-02-23T03:48:04.056Z"
}
